=====Proj:======
S->pA
S->qB
A->cAd
A->a
B->dB
B->b
=====Vt:======
a, b, c, d, p, q, 
=====Vn:======
A, B, S, 
	a	b	c	d	p	q	#	A	B	S	
0					s2	s3				1	
1							acc				
2	s5		s6					4			
3		s8		s9					7		
4							r0				
5							r3				
6	s11		s12					10			
7							r1				
8							r5				
9		s8		s9					13		
10				s14							
11				r3							
12	s11		s12					15			
13							r4				
14							r2				
15				s16							
16				r2							
Step	statusStack	parseStack	inStrStack	action
0	0				pccadd#		SHIFTIN
1	02		p		ccadd#		SHIFTIN
2	026		pc		cadd#		SHIFTIN
3	02612		pcc		add#		SHIFTIN
4	0261211		pcca		dd#		REDUCE A->a
5	0261215		pccA		dd#		SHIFTIN
6	026121516		pccAd		d#		REDUCE A->cAd
7	02610		pcA		d#		SHIFTIN
8	0261014		pcAd		#		REDUCE A->cAd
9	024		pA		#		REDUCE S->pA
10	01		S		#		ACCEPT

